                  Welcome to Q-Chem
     A Quantum Leap Into The Future Of Chemistry

 Y. Shao, L. Fusti-Molnar, Y. Jung, J. Kussmann, C. Ochsenfeld,
 S. T. Brown, A. T. B. Gilbert, L. V. Slipchenko,S. V. Levchenko,
 D. P. O'Neill, R. A. DiStasio Jr., R. C. Lochan, T. Wang,
 G. J. O. Beran, N. A. Besley, J. M. Herbert, C. Y. Lin,
 T. Van Voorhis, S. H. Chien, A. Sodt, R. P. Steele, 
 V. A. Rassolov, P. E. Maslen, P. P. Korambath, R. D. Adamson,
 B. Austin, J. Baker, E. F. C. Byrd, H. Dachsel, R. J. Doerksen,
 A. Dreuw, B. D. Dunietz, A. D. Dutoi, T. R. Furlani,
 S. R. Gwaltney, A. Heyden, S. Hirata, C.-P. Hsu, G. Kedziora,
 R. Z. Khaliullin, P. Klunzinger, A. M. Lee, M. S. Lee, W. Liang,
 I. Lotan, N. Nair, B. Peters, E. I. Proynov, P. A. Pieniazek, 
 Y. M. Rhee, J. Ritchie, E. Rosta, C. D. Sherrill, 
 A. C. Simmonett, J. E. Subotnik, H. L. Woodcock III,
 W. Zhang, A. T. Bell, A. K. Chakraborty, D. M. Chipman,
 F. J. Keil, A. Warshel, W. J. Hehre, H. F. Schaefer III,
 J. Kong, A. I. Krylov, P. M. W. Gill, M. Head-Gordon,

 Additional authors for Version 3.1: 
 Z. Gan, Y. Zhao, N. E. Schultz, D. Truhlar, E. Epifanovsky and M. Oana.

 Additional authors for Version 3.2: 
 R. Baer, B. R. Brooks, D. Casanova, J.-D. Chai, C.-L. Cheng, 
 C. Cramer, D. Crittenden, A. Ghysels, G. Hawkins, E. G. Hohenstein, 
 C. Kelley, W. Kurlancheek, D. Liotard, E. Livshits, P. Manohar, 
 A. Marenich, D. Neuhauser, R. Olson, M. A. Rohrdanz, K. S. Thanthiriwatte, 
 A. J. W. Thom, V. Vanovschi, C. F. Williams, Q. Wu and Z.-Q. You. 

 Additional authors for Version 4.0: 
 A. Aspuru-Guzik, C. Chang, R. G. Edgar, E. Sundstrom, J. Parkhill, K. Lawler,
 M. Gordon, M. Schmidt, N. Shenvi, D. Lambrecht, M. Goldey, R. Olivares-Amaya,
 Y. Bernard, L. Vogt, M. Watson, J. Liu, S. Yeganeh, B. Kaduk, O. Vydrov, X. Xu, 
 I. Kaliman, K. Khistyaev, N. Russ, I.Y. Zhang, W.A. Goddard III, F. Liu, R. King ,
 A. Landau, M. Wormit, A. Dreuw, M. Diedenhofen, A. Klamt, A.W. Lange, D. Ghosh,
 D. Kosenkov, T. Kus, A. Landau, D. Zuev, J. Deng, S.P. Mao, Y.C. Su, D. Small,
 L. D. Jacobson
 
 Q-Chem, Version 4.0.1, Q-Chem, Inc., Pittsburgh, PA (2007).


 MAC (Intel) OSX Version 4.0.1.0 

 Q-chem begins on Tue Nov 12 13:03:40 2013  

chemsrv2.anu.edu.au
Host: 0

theFileMan(): MAXOPENFILES=206 MAX_SUB_FILE_NUM=16
Maximum size of a physical file is 2.0 GB, maximum size of a tmp-file is 32.0 GB

Finally everything over in PARseQInput

--------------------------------------------------------------
User input:
--------------------------------------------------------------
$molecule
0 1
  H    0.5123035   -0.0497588    0.7390871
  O    0.0472231    0.0095682   -0.1092518
  H   -0.8900886   -0.0267866    0.1349275
$end

$rem
   BASIS  =  6-31G*
   EXCHANGE  =  HF
   GUI  =  2
   JOB_TYPE  =  Frequency
   SCF_CONVERGENCE  =  8
   THRESH  =  12
$end
--------------------------------------------------------------
 ----------------------------------------------------
       Standard Nuclear Orientation (Angstroms)
    I     Atom         X            Y            Z
 ----------------------------------------------------
    1      H       0.763584     0.000000     0.477620
    2      O       0.000000     0.000000    -0.119405
    3      H      -0.763584    -0.000000     0.477620
 ----------------------------------------------------
 Molecular Point Group                 C2v   NOp =  4
 Largest Abelian Subgroup              C2v   NOp =  4
 Nuclear Repulsion Energy =     9.0817138477 hartrees
 There are        5 alpha and        5 beta electrons
 Requested basis set is 6-31G(d)
 There are 8 shells and 19 basis functions

Total QAlloc Memory Limit   2000 MB
Mega-Array Size        61 MB
MEM_STATIC part        62 MB

                       Distance Matrix (Angstroms)
             H (  1)   O (  2)
   O (  2)  0.969277
   H (  3)  1.527167  0.969277

 A cutoff of  1.0D-12 yielded     36 shell pairs
 There are       217 function pairs
 Smallest overlap matrix eigenvalue = 2.27E-02
 Guess from superposition of atomic densities
 Warning:  Energy on first SCF cycle will be non-variational
 A restricted Hartree-Fock SCF calculation will be
 performed using Pulay DIIS extrapolation
 SCF converges when DIIS error is below 1.0E-08
 ---------------------------------------
  Cycle       Energy         DIIS Error
 ---------------------------------------
    1     -75.8879408310      1.72E-01
    2     -75.9745708086      3.04E-02
    3     -76.0020631972      1.57E-02
    4     -76.0095581932      1.76E-03
    5     -76.0097330330      4.41E-04
    6     -76.0097468376      7.44E-05
    7     -76.0097473392      9.40E-06
    8     -76.0097473470      8.32E-07
    9     -76.0097473470      1.58E-07
   10     -76.0097473470      3.31E-08
   11     -76.0097473470      4.16E-09 Convergence criterion met
 ---------------------------------------
 SCF time:  CPU 0.19 s  wall 0.85 s
Here are the indices for MO re-ordering:
0 1 2 3 4 5 6 7 8 9 10 11 13 16 12 14 15 17 18 Here are the indices for MO re-ordering:
0 1 2 3 4 5 6 7 8 9 10 11 13 16 12 14 15 17 18  SCF   energy in the final basis set = -76.0097473470
 Total energy in the final basis set = -76.0097473470
 Analysis of SCF Wavefunction

 --------------------------------------------------------------
             Orbital Energies (a.u.) and Symmetries
 --------------------------------------------------------------

 Alpha MOs, Restricted
 -- Occupied --                  
-20.563  -1.336  -0.699  -0.570  -0.497
  1 A1    2 A1    1 B1    3 A1    1 B2                                         
 -- Virtual --                   
  0.208   0.301   1.015   1.128   1.162   1.168   1.377   1.436
  4 A1    2 B1    3 B1    5 A1    6 A1    2 B2    4 B1    7 A1                 
  2.022   2.037   2.069   2.607   2.925   3.963
  8 A1    1 A2    3 B2    9 A1    5 B1   10 A1                                 

 Beta MOs, Restricted
 -- Occupied --                  
-20.563  -1.336  -0.699  -0.570  -0.497
  1 A1    2 A1    1 B1    3 A1    1 B2                                         
 -- Virtual --                   
  0.208   0.301   1.015   1.128   1.162   1.168   1.377   1.436
  4 A1    2 B1    3 B1    5 A1    6 A1    2 B2    4 B1    7 A1                 
  2.022   2.037   2.069   2.607   2.925   3.963
  8 A1    1 A2    3 B2    9 A1    5 B1   10 A1                                 
 --------------------------------------------------------------

          Ground-State Mulliken Net Atomic Charges

     Atom                 Charge (a.u.)
  ----------------------------------------
      1 H                     0.432030
      2 O                    -0.864059
      3 H                     0.432030
  ----------------------------------------
  Sum of atomic charges =    -0.000000

 -----------------------------------------------------------------
                    Cartesian Multipole Moments
 -----------------------------------------------------------------
    Charge (ESU x 10^10)
                -0.0000
    Dipole Moment (Debye)
         X       0.0000      Y       0.0000      Z       2.2449
       Tot       2.2449
    Quadrupole Moments (Debye-Ang)
        XX      -4.1338     XY       0.0000     YY      -7.2516
        XZ      -0.0000     YZ      -0.0000     ZZ      -5.9670
    Octapole Moments (Debye-Ang^2)
       XXX       0.0000    XXY       0.0000    XYY       0.0000
       YYY       0.0000    XXZ       1.4145    XYZ       0.0000
       YYZ       0.3790    XZZ       0.0000    YZZ       0.0000
       ZZZ       1.4512
    Hexadecapole Moments (Debye-Ang^3)
      XXXX      -5.5725   XXXY       0.0000   XXYY      -2.0717
      XYYY      -0.0000   YYYY      -5.2347   XXXZ       0.0000
      XXYZ      -0.0000   XYYZ      -0.0000   YYYZ       0.0000
      XXZZ      -1.5953   XYZZ       0.0000   YYZZ      -1.9512
      XZZZ       0.0000   YZZZ      -0.0000   ZZZZ      -6.1476
 -----------------------------------------------------------------
 Calculating MO derivatives via CPSCF
   1         3           9      0.131054    0.031898
   2         3           9      0.018318    0.005135
   3         3           9      0.001779    0.000666
   4         3           9      0.000109    0.000051
   5        10           2      0.000004    0.000003
   6        12           0      0.000000    0.000000    Roots Converged
 Calculating analytic Hessian of the SCF energy
 Polarizability Matrix (a.u.)
            1           2           3
    1  -7.1039417  -0.0000000   0.0000000
    2  -0.0000000  -2.7602245  -0.0000000
    3   0.0000000  -0.0000000  -5.0958360

 Direct stationary perturbation theory relativistic correction:

 rels  =       0.032288803899
 relv  =      -0.110876342732
 rel2e =       0.024157876161
 E_rel =      -0.054429662673

 Hessian of the SCF Energy
            1           2           3           4           5           6
    1   0.3690486  -0.0000000   0.2175626  -0.3355867   0.0000000  -0.1832236
    2  -0.0000000   0.0125385  -0.0000000   0.0000000  -0.0134091   0.0000000
    3   0.2175626  -0.0000000   0.2275043  -0.2519016   0.0000000  -0.2463860
    4  -0.3355867   0.0000000  -0.2519016   0.6711735   0.0000000   0.0000000
    5   0.0000000  -0.0134091   0.0000000   0.0000000   0.0268183  -0.0000000
    6  -0.1832236   0.0000000  -0.2463860   0.0000000  -0.0000000   0.4927720
    7  -0.0334619   0.0000000   0.0343390  -0.3355867  -0.0000000   0.1832236
    8  -0.0000000   0.0008707   0.0000000  -0.0000000  -0.0134091   0.0000000
    9  -0.0343390  -0.0000000   0.0188817   0.2519016   0.0000000  -0.2463860
            7           8           9
    1  -0.0334619  -0.0000000  -0.0343390
    2   0.0000000   0.0008707  -0.0000000
    3   0.0343390   0.0000000   0.0188817
    4  -0.3355867  -0.0000000   0.2519016
    5  -0.0000000  -0.0134091   0.0000000
    6   0.1832236   0.0000000  -0.2463860
    7   0.3690486   0.0000000  -0.2175626
    8   0.0000000   0.0125385  -0.0000000
    9  -0.2175626  -0.0000000   0.2275043
 Gradient time:  CPU 1.05 s  wall 3.42 s
 **********************************************************************
 **                                                                  **
 **                       VIBRATIONAL ANALYSIS                       **
 **                       --------------------                       **
 **                                                                  **
 **        VIBRATIONAL FREQUENCIES (CM**-1) AND NORMAL MODES         **
 **     FORCE CONSTANTS (mDYN/ANGSTROM) AND REDUCED MASSES (AMU)     **
 **                  INFRARED INTENSITIES (KM/MOL)                   **
 **                                                                  **
 **********************************************************************


 Mode:                 1                      2                      3
 Frequency:      1886.52                3777.42                3878.16
 Force Cnst:      2.2687                 8.7927                 9.5820
 Red. Mass:       1.0819                 1.0459                 1.0813
 IR Active:          YES                    YES                    YES
 IR Intens:      100.473                 14.547                 45.203
 Raman Active:       YES                    YES                    YES
               X      Y      Z        X      Y      Z        X      Y      Z
 H         -0.432 -0.000  0.558   -0.582 -0.000 -0.400    0.556  0.000  0.434
 O          0.000  0.000 -0.070   -0.000 -0.000  0.050   -0.070 -0.000 -0.000
 H          0.432  0.000  0.558    0.582  0.000 -0.400    0.556  0.000 -0.434
 TransDip  -0.000  0.000  0.321    0.000  0.000 -0.122    0.215 -0.000  0.000

 STANDARD THERMODYNAMIC QUANTITIES AT   298.18 K  AND     1.00 ATM

   This Molecule has  0 Imaginary Frequencies
   Zero point vibrational energy:       13.641 kcal/mol

   Atom    1 Element H  Has Mass    1.00783
   Atom    2 Element O  Has Mass   15.99491
   Atom    3 Element H  Has Mass    1.00783
   Molecular Mass:    18.010570 amu
   Principal axes and moments of inertia in atomic units:
                             1           2           3
    Eigenvalues --        2.27853     4.19690     6.47542
          X               1.00000     0.00000    -0.00000
          Y               0.00000     0.00000     1.00000
          Z               0.00000     1.00000     0.00000
   Rotational Symmetry Number is   2
   The Molecule is an Asymmetric Top
   Translational Enthalpy:        0.889 kcal/mol
   Rotational Enthalpy:           0.889 kcal/mol
   Vibrational Enthalpy:         13.642 kcal/mol
   gas constant (RT):             0.593 kcal/mol
   Translational Entropy:        34.609  cal/mol.K
   Rotational Entropy:           10.525  cal/mol.K
   Vibrational Entropy:           0.002  cal/mol.K

   Total Enthalpy:               16.012 kcal/mol
   Total Entropy:                45.136  cal/mol.K
Archival summary:
1\1\chemsrv2.anu.edu.au\FREQ\HF\6-31G*\12\TueNov1213:03:452013TueNov1213:03:452013\0\\#,FREQ,HF,6-31G*,\\0,1\O\H,1,0.969277\H,1,0.969277,2,103.958\\HF=-76.0097473\\@

 Total job time:  5.52s(wall), 1.40s(cpu) 
 Tue Nov 12 13:03:45 2013

        *************************************************************
        *                                                           *
        *  Thank you very much for using Q-Chem.  Have a nice day.  *
        *                                                           *
        *************************************************************


